// Vitest Snapshot v1, https://vitest.dev/guide/snapshot.html

exports[`HomePage > should render homePage with default values 1`] = `
<div>
  <div
    class="text-center mb-8"
  >
    <h1
      class="text-5xl font-bold bg-gradient-to-r from-blue-600 to-purple-600 bg-clip-text text-transparent mb-4"
    >
      Universo de SuperHeroes
    </h1>
    <p
      class="text-gray-600 text-lg"
    >
      Descubre, explora y administra super heroes y villanos
    </p>
  </div>
  <nav
    aria-label="breadcrumb"
    class="mb-5"
    data-slot="breadcrumb"
  >
    <ol
      class="text-muted-foreground flex flex-wrap items-center gap-1.5 text-sm break-words sm:gap-2.5"
      data-slot="breadcrumb-list"
    >
      <li
        class="inline-flex items-center gap-1.5"
        data-slot="breadcrumb-item"
      >
        <a
          class="hover:text-foreground transition-colors"
          data-discover="true"
          data-slot="breadcrumb-link"
          href="/"
        >
          Inicio
        </a>
      </li>
      <li
        aria-hidden="true"
        class="[&>svg]:size-3.5"
        data-slot="breadcrumb-separator"
        role="presentation"
      >
        <svg
          aria-hidden="true"
          class="lucide lucide-slash"
          fill="none"
          height="24"
          stroke="currentColor"
          stroke-linecap="round"
          stroke-linejoin="round"
          stroke-width="2"
          viewBox="0 0 24 24"
          width="24"
          xmlns="http://www.w3.org/2000/svg"
        >
          <path
            d="M22 2 2 22"
          />
        </svg>
      </li>
      <li
        class="inline-flex items-center gap-1.5"
        data-slot="breadcrumb-item"
      >
        <a
          class="hover:text-foreground transition-colors"
          data-slot="breadcrumb-link"
        >
          Super Heroes
        </a>
      </li>
    </ol>
  </nav>
  <div>
    Loading ...
  </div>
  <div
    class="flex flex-col lg:flex-row gap-4 mb-8"
  >
    <div
      class="relative flex-1"
    >
      <svg
        aria-hidden="true"
        class="lucide lucide-search absolute left-3 top-1/2 transform -translate-y-1/2 text-gray-400 h-5 w-5"
        fill="none"
        height="24"
        stroke="currentColor"
        stroke-linecap="round"
        stroke-linejoin="round"
        stroke-width="2"
        viewBox="0 0 24 24"
        width="24"
        xmlns="http://www.w3.org/2000/svg"
      >
        <path
          d="m21 21-4.34-4.34"
        />
        <circle
          cx="11"
          cy="11"
          r="8"
        />
      </svg>
      <input
        class="file:text-foreground placeholder:text-muted-foreground selection:bg-primary selection:text-primary-foreground dark:bg-input/30 border-input flex w-full min-w-0 rounded-md border bg-transparent px-3 py-1 shadow-xs transition-[color,box-shadow] outline-none file:inline-flex file:h-7 file:border-0 file:bg-transparent file:text-sm file:font-medium disabled:pointer-events-none disabled:cursor-not-allowed disabled:opacity-50 md:text-sm focus-visible:border-ring focus-visible:ring-ring/50 focus-visible:ring-[3px] aria-invalid:ring-destructive/20 dark:aria-invalid:ring-destructive/40 aria-invalid:border-destructive pl-12 h-12 text-lg"
        data-slot="input"
        placeholder="Search heroes, villains, powers, teams..."
        value=""
      />
    </div>
    <div
      class="flex gap-2"
    >
      <button
        class="cursor-pointer inline-flex items-center justify-center gap-2 whitespace-nowrap rounded-md text-sm font-medium transition-all disabled:pointer-events-none disabled:opacity-50 [&_svg]:pointer-events-none [&_svg:not([class*='size-'])]:size-4 shrink-0 [&_svg]:shrink-0 outline-none focus-visible:border-ring focus-visible:ring-ring/50 focus-visible:ring-[3px] aria-invalid:ring-destructive/20 dark:aria-invalid:ring-destructive/40 aria-invalid:border-destructive border bg-background shadow-xs hover:bg-accent hover:text-accent-foreground dark:bg-input/30 dark:border-input dark:hover:bg-input/50 px-4 py-2 has-[>svg]:px-3 h-12"
        data-slot="button"
      >
        <svg
          aria-hidden="true"
          class="lucide lucide-funnel h-4 w-4 mr-2"
          fill="none"
          height="24"
          stroke="currentColor"
          stroke-linecap="round"
          stroke-linejoin="round"
          stroke-width="2"
          viewBox="0 0 24 24"
          width="24"
          xmlns="http://www.w3.org/2000/svg"
        >
          <path
            d="M10 20a1 1 0 0 0 .553.895l2 1A1 1 0 0 0 14 21v-7a2 2 0 0 1 .517-1.341L21.74 4.67A1 1 0 0 0 21 3H3a1 1 0 0 0-.742 1.67l7.225 7.989A2 2 0 0 1 10 14z"
          />
        </svg>
        Filters
      </button>
      <button
        class="cursor-pointer inline-flex items-center justify-center gap-2 whitespace-nowrap rounded-md text-sm font-medium transition-all disabled:pointer-events-none disabled:opacity-50 [&_svg]:pointer-events-none [&_svg:not([class*='size-'])]:size-4 shrink-0 [&_svg]:shrink-0 outline-none focus-visible:border-ring focus-visible:ring-ring/50 focus-visible:ring-[3px] aria-invalid:ring-destructive/20 dark:aria-invalid:ring-destructive/40 aria-invalid:border-destructive border shadow-xs hover:bg-accent hover:text-accent-foreground dark:bg-input/30 dark:border-input dark:hover:bg-input/50 px-4 py-2 has-[>svg]:px-3 h-12 bg-transparent"
        data-slot="button"
      >
        <svg
          aria-hidden="true"
          class="lucide lucide-arrow-up-narrow-wide h-4 w-4 mr-2"
          fill="none"
          height="24"
          stroke="currentColor"
          stroke-linecap="round"
          stroke-linejoin="round"
          stroke-width="2"
          viewBox="0 0 24 24"
          width="24"
          xmlns="http://www.w3.org/2000/svg"
        >
          <path
            d="m3 8 4-4 4 4"
          />
          <path
            d="M7 4v16"
          />
          <path
            d="M11 12h4"
          />
          <path
            d="M11 16h7"
          />
          <path
            d="M11 20h10"
          />
        </svg>
        Sort by Name
      </button>
      <button
        class="cursor-pointer inline-flex items-center justify-center gap-2 whitespace-nowrap rounded-md text-sm font-medium transition-all disabled:pointer-events-none disabled:opacity-50 [&_svg]:pointer-events-none [&_svg:not([class*='size-'])]:size-4 shrink-0 [&_svg]:shrink-0 outline-none focus-visible:border-ring focus-visible:ring-ring/50 focus-visible:ring-[3px] aria-invalid:ring-destructive/20 dark:aria-invalid:ring-destructive/40 aria-invalid:border-destructive border shadow-xs hover:bg-accent hover:text-accent-foreground dark:bg-input/30 dark:border-input dark:hover:bg-input/50 px-4 py-2 has-[>svg]:px-3 h-12 bg-transparent"
        data-slot="button"
      >
        <svg
          aria-hidden="true"
          class="lucide lucide-grid3x3 lucide-grid-3x3 h-4 w-4"
          fill="none"
          height="24"
          stroke="currentColor"
          stroke-linecap="round"
          stroke-linejoin="round"
          stroke-width="2"
          viewBox="0 0 24 24"
          width="24"
          xmlns="http://www.w3.org/2000/svg"
        >
          <rect
            height="18"
            rx="2"
            width="18"
            x="3"
            y="3"
          />
          <path
            d="M3 9h18"
          />
          <path
            d="M3 15h18"
          />
          <path
            d="M9 3v18"
          />
          <path
            d="M15 3v18"
          />
        </svg>
      </button>
      <button
        class="cursor-pointer inline-flex items-center justify-center gap-2 whitespace-nowrap rounded-md text-sm font-medium transition-all disabled:pointer-events-none disabled:opacity-50 [&_svg]:pointer-events-none [&_svg:not([class*='size-'])]:size-4 shrink-0 [&_svg]:shrink-0 outline-none focus-visible:border-ring focus-visible:ring-ring/50 focus-visible:ring-[3px] aria-invalid:ring-destructive/20 dark:aria-invalid:ring-destructive/40 aria-invalid:border-destructive bg-primary text-primary-foreground shadow-xs hover:bg-primary/90 px-4 py-2 has-[>svg]:px-3 h-12"
        data-slot="button"
      >
        <svg
          aria-hidden="true"
          class="lucide lucide-plus h-4 w-4 mr-2"
          fill="none"
          height="24"
          stroke="currentColor"
          stroke-linecap="round"
          stroke-linejoin="round"
          stroke-width="2"
          viewBox="0 0 24 24"
          width="24"
          xmlns="http://www.w3.org/2000/svg"
        >
          <path
            d="M5 12h14"
          />
          <path
            d="M12 5v14"
          />
        </svg>
        Add Character
      </button>
    </div>
  </div>
  <div
    data-orientation="vertical"
    data-slot="accordion"
    data-testid="accordion"
  >
    <div
      class="border-b last:border-b-0"
      data-orientation="vertical"
      data-slot="accordion-item"
      data-state="closed"
    >
      <div
        aria-labelledby="radix-«r0»"
        class="data-[state=closed]:animate-accordion-up data-[state=open]:animate-accordion-down overflow-hidden text-sm"
        data-orientation="vertical"
        data-slot="accordion-content"
        data-state="closed"
        hidden=""
        id="radix-«r1»"
        role="region"
        style="--radix-accordion-content-height: var(--radix-collapsible-content-height); --radix-accordion-content-width: var(--radix-collapsible-content-width);"
      />
    </div>
  </div>
  <div
    class="flex flex-col gap-2 mb-8"
    data-orientation="horizontal"
    data-slot="tabs"
    dir="ltr"
  >
    <div
      aria-orientation="horizontal"
      class="bg-muted text-muted-foreground h-9 items-center justify-center rounded-lg p-[3px] grid w-full grid-cols-4"
      data-orientation="horizontal"
      data-slot="tabs-list"
      role="tablist"
      style="outline: none;"
      tabindex="0"
    >
      <button
        aria-controls="radix-«r2»-content-all"
        aria-selected="true"
        class="data-[state=active]:bg-background dark:data-[state=active]:text-foreground focus-visible:border-ring focus-visible:ring-ring/50 focus-visible:outline-ring dark:data-[state=active]:border-input dark:data-[state=active]:bg-input/30 text-foreground dark:text-muted-foreground inline-flex h-[calc(100%-1px)] flex-1 items-center justify-center gap-1.5 rounded-md border border-transparent px-2 py-1 text-sm font-medium whitespace-nowrap transition-[color,box-shadow] focus-visible:ring-[3px] focus-visible:outline-1 disabled:pointer-events-none disabled:opacity-50 data-[state=active]:shadow-sm [&_svg]:pointer-events-none [&_svg]:shrink-0 [&_svg:not([class*='size-'])]:size-4"
        data-orientation="horizontal"
        data-radix-collection-item=""
        data-slot="tabs-trigger"
        data-state="active"
        id="radix-«r2»-trigger-all"
        role="tab"
        tabindex="-1"
        type="button"
      >
        All Characters (
        )
      </button>
      <button
        aria-controls="radix-«r2»-content-favorites"
        aria-selected="false"
        class="data-[state=active]:bg-background dark:data-[state=active]:text-foreground focus-visible:border-ring focus-visible:ring-ring/50 focus-visible:outline-ring dark:data-[state=active]:border-input dark:data-[state=active]:bg-input/30 text-foreground dark:text-muted-foreground h-[calc(100%-1px)] flex-1 justify-center rounded-md border border-transparent px-2 py-1 text-sm font-medium whitespace-nowrap transition-[color,box-shadow] focus-visible:ring-[3px] focus-visible:outline-1 disabled:pointer-events-none disabled:opacity-50 data-[state=active]:shadow-sm [&_svg]:pointer-events-none [&_svg]:shrink-0 [&_svg:not([class*='size-'])]:size-4 flex items-center gap-2"
        data-orientation="horizontal"
        data-radix-collection-item=""
        data-slot="tabs-trigger"
        data-state="inactive"
        id="radix-«r2»-trigger-favorites"
        role="tab"
        tabindex="-1"
        type="button"
      >
        Favorites (
        0
        )
      </button>
      <button
        aria-controls="radix-«r2»-content-heroes"
        aria-selected="false"
        class="data-[state=active]:bg-background dark:data-[state=active]:text-foreground focus-visible:border-ring focus-visible:ring-ring/50 focus-visible:outline-ring dark:data-[state=active]:border-input dark:data-[state=active]:bg-input/30 text-foreground dark:text-muted-foreground inline-flex h-[calc(100%-1px)] flex-1 items-center justify-center gap-1.5 rounded-md border border-transparent px-2 py-1 text-sm font-medium whitespace-nowrap transition-[color,box-shadow] focus-visible:ring-[3px] focus-visible:outline-1 disabled:pointer-events-none disabled:opacity-50 data-[state=active]:shadow-sm [&_svg]:pointer-events-none [&_svg]:shrink-0 [&_svg:not([class*='size-'])]:size-4"
        data-orientation="horizontal"
        data-radix-collection-item=""
        data-slot="tabs-trigger"
        data-state="inactive"
        id="radix-«r2»-trigger-heroes"
        role="tab"
        tabindex="-1"
        type="button"
      >
        Heroes (
        )
      </button>
      <button
        aria-controls="radix-«r2»-content-villains"
        aria-selected="false"
        class="data-[state=active]:bg-background dark:data-[state=active]:text-foreground focus-visible:border-ring focus-visible:ring-ring/50 focus-visible:outline-ring dark:data-[state=active]:border-input dark:data-[state=active]:bg-input/30 text-foreground dark:text-muted-foreground inline-flex h-[calc(100%-1px)] flex-1 items-center justify-center gap-1.5 rounded-md border border-transparent px-2 py-1 text-sm font-medium whitespace-nowrap transition-[color,box-shadow] focus-visible:ring-[3px] focus-visible:outline-1 disabled:pointer-events-none disabled:opacity-50 data-[state=active]:shadow-sm [&_svg]:pointer-events-none [&_svg]:shrink-0 [&_svg:not([class*='size-'])]:size-4"
        data-orientation="horizontal"
        data-radix-collection-item=""
        data-slot="tabs-trigger"
        data-state="inactive"
        id="radix-«r2»-trigger-villains"
        role="tab"
        tabindex="-1"
        type="button"
      >
        Villains (
        )
      </button>
    </div>
    <div
      aria-labelledby="radix-«r2»-trigger-all"
      class="flex-1 outline-none"
      data-orientation="horizontal"
      data-slot="tabs-content"
      data-state="active"
      id="radix-«r2»-content-all"
      role="tabpanel"
      style="animation-duration: 0s;"
      tabindex="0"
    >
      <div
        class="grid grid-cols-1 md:grid-cols-2 lg:grid-cols-3 gap-8 mb-8"
      />
    </div>
    <div
      aria-labelledby="radix-«r2»-trigger-favorites"
      class="flex-1 outline-none"
      data-orientation="horizontal"
      data-slot="tabs-content"
      data-state="inactive"
      hidden=""
      id="radix-«r2»-content-favorites"
      role="tabpanel"
      tabindex="0"
    />
    <div
      aria-labelledby="radix-«r2»-trigger-heroes"
      class="flex-1 outline-none"
      data-orientation="horizontal"
      data-slot="tabs-content"
      data-state="inactive"
      hidden=""
      id="radix-«r2»-content-heroes"
      role="tabpanel"
      tabindex="0"
    />
    <div
      aria-labelledby="radix-«r2»-trigger-villains"
      class="flex-1 outline-none"
      data-orientation="horizontal"
      data-slot="tabs-content"
      data-state="inactive"
      hidden=""
      id="radix-«r2»-content-villains"
      role="tabpanel"
      tabindex="0"
    />
  </div>
  <div
    class="flex items-center justify-center space-x-2"
  >
    <button
      class="cursor-pointer inline-flex items-center justify-center whitespace-nowrap text-sm font-medium transition-all disabled:pointer-events-none disabled:opacity-50 [&_svg]:pointer-events-none [&_svg:not([class*='size-'])]:size-4 shrink-0 [&_svg]:shrink-0 outline-none focus-visible:border-ring focus-visible:ring-ring/50 focus-visible:ring-[3px] aria-invalid:ring-destructive/20 dark:aria-invalid:ring-destructive/40 aria-invalid:border-destructive border bg-background shadow-xs hover:bg-accent hover:text-accent-foreground dark:bg-input/30 dark:border-input dark:hover:bg-input/50 h-8 rounded-md gap-1.5 px-3 has-[>svg]:px-2.5"
      data-slot="button"
      disabled=""
    >
      <svg
        aria-hidden="true"
        class="lucide lucide-chevron-left h-4 w-4"
        fill="none"
        height="24"
        stroke="currentColor"
        stroke-linecap="round"
        stroke-linejoin="round"
        stroke-width="2"
        viewBox="0 0 24 24"
        width="24"
        xmlns="http://www.w3.org/2000/svg"
      >
        <path
          d="m15 18-6-6 6-6"
        />
      </svg>
      Anterior
    </button>
    <button
      class="cursor-pointer inline-flex items-center justify-center whitespace-nowrap text-sm font-medium transition-all disabled:pointer-events-none disabled:opacity-50 [&_svg]:pointer-events-none [&_svg:not([class*='size-'])]:size-4 shrink-0 [&_svg]:shrink-0 outline-none focus-visible:border-ring focus-visible:ring-ring/50 focus-visible:ring-[3px] aria-invalid:ring-destructive/20 dark:aria-invalid:ring-destructive/40 aria-invalid:border-destructive border bg-background shadow-xs hover:bg-accent hover:text-accent-foreground dark:bg-input/30 dark:border-input dark:hover:bg-input/50 h-8 rounded-md gap-1.5 px-3 has-[>svg]:px-2.5"
      data-slot="button"
    >
      Siguiente
      <svg
        aria-hidden="true"
        class="lucide lucide-chevron-right h-4 w-4"
        fill="none"
        height="24"
        stroke="currentColor"
        stroke-linecap="round"
        stroke-linejoin="round"
        stroke-width="2"
        viewBox="0 0 24 24"
        width="24"
        xmlns="http://www.w3.org/2000/svg"
      >
        <path
          d="m9 18 6-6-6-6"
        />
      </svg>
    </button>
  </div>
</div>
`;
